


 ########  #          ######   #           #
 #         #         #      #   #         # 
 #####     #         #      #    #   #   #  
 #         #         #      #     # # # #   
 #         #######    ######       #   #    

Flow is a simulator for fully implicit three-phase black-oil flow, and is part of OPM.
For more information visit: https://opm-project.org 

Flow Version     =  2026.04 (Ubuntu 24.04.4 LTS: 2026.04-1~noble)
Machine name     =  f041144bba04 (Number of logical cores: 32, Memory size: 47791.18 MB) 
Operating system =  Linux x86_64 (Kernel: 7.1.8-200.fc44.x86_64, #1 SMP PREEMPT_DYNAMIC Mon Aug 10 03:35:23 UTC 2026 )
Build time       =  
User             =  ubuntu
Simulation started on 05-10-2026 at 19:34:49 hrs
Using 1 MPI processes with 1 OMP threads on each 
Parameters used by Flow:
# [known parameters which were specified at run-time]
EclDeckFileName="/input/SW.DATA" # default: ""
OutputDir="/output" # default: ""
EnableEclOutput="true" # default: "1"
ThreadsPerProcess="1" # default: "2"
# [parameters which were specified at compile-time]
AcceleratorMode="none"
ActionParsingStrictness="normal"
AddCorners="0"
AllowDistributedWells="0"
AllowSplittingInactiveWells="1"
AlternativeWellRateInit="1"
CheckGroupConstraintsInnerWellIterations="1"
CheckSatfuncConsistency="1"
ConserveInnerEnergyThermal="0"
ContinueOnConvergenceError="0"
ConvergenceMonitoring="0"
ConvergenceMonitoringCutOff="6"
ConvergenceMonitoringDecayFactor="0.75"
CprReuseInterval="30"
CprReuseSetup="4"
CprWeightsThreadParallel="0"
DbhpMaxRel="1"
DebugEmitCellPartition="0"
DebugVerbosityLevel="1"
DpMaxRel="0.3"
DsMax="0.2"
DwellFractionMax="0.2"
EclOutputDoublePrecision="0"
EclOutputInterval="-1"
EdgeConformal="0"
EdgeWeightsMethod="transmissibility"
EnableAdaptiveTimeStepping="1"
EnableAsyncEclOutput="1"
EnableAsyncVtkOutput="1"
EnableDriftCompensation="0"
EnableDriftCompensationTemp="1"
EnableDryRun="auto"
EnableEsmry="1"
EnableGravity="1"
EnableGridAdaptation="0"
EnableIntensiveQuantityCache="1"
EnableLoggingFalloutWarning="0"
EnableOpmRstFile="0"
EnableStorageCache="1"
EnableTerminalOutput="1"
EnableThermodynamicHints="0"
EnableTuning="0"
EnableVtkOutput="0"
EnableWellOperabilityCheck="1"
EnableWellOperabilityCheckIter="0"
EnableWriteAllSolutions="0"
EndTime="1e+100"
ExplicitRockCompaction="0"
ExternalPartition=""
ForceDisableFluidInPlaceOutput="0"
ForceDisableResvFluidInPlaceOutput="0"
FullTimeStepInitially="0"
GpuAwareMpi="0"
GpuDeviceId="0"
HybridNewtonConfigFile="hybridNewtonConfig.json"
IgnoreKeywords=""
IluFillinLevel="0"
IluRedblack="0"
IluRelaxation="0.9"
IluReorderSpheres="0"
ImbalanceTol="1.1"
InitialTimeStepInDays="1"
InitialTimeStepSize="86400"
InjMultDampMult="0.9"
InjMultMinDampFactor="0.05"
InjMultOscThreshold="0.1"
InputSkipMode="100"
LinearSolver="cprw"
LinearSolverAccelerator="cpu"
LinearSolverIgnoreConvergenceFailure="0"
LinearSolverMaxIter="200"
LinearSolverPrintJsonDefinition="1"
LinearSolverReduction="0.01"
LinearSolverRestart="40"
LinearSolverVerbosity="0"
LoadFile=""
LoadStep="-1"
LocalDomainsOrderingMeasure="maxpressure"
LocalDomainsPartitionWellNeighborLevels="1"
LocalDomainsPartitioningImbalance="1.03"
LocalDomainsPartitioningMethod="zoltan"
LocalSolveApproach="gauss-seidel"
LocalToleranceScalingCnv="0.1"
LocalToleranceScalingMb="1"
LocalWellSolveControlSwitching="1"
MatrixAddWellContributions="0"
MaxInnerIterMsWells="100"
MaxInnerIterWells="50"
MaxLocalSolveIterations="20"
MaxNewtonIterationsWithInnerWellIterations="99"
MaxPressureChangeMsWells="1e+06"
MaxResidualAllowed="1e+07"
MaxSinglePrecisionDays="20"
MaxTemperatureChange="5"
MaxTimeStepDivisions="10"
MaxTimeStepSize="inf"
MaxWellStatusSwitchForWells="99"
MaxWellStatusSwitchInInnerIterWells="99"
MaxWelleqIter="30"
MaximumNumberOfGroupSwitches="3"
MaximumNumberOfWellSwitches="3"
MaximumWaterSaturation="1"
MetisParams="default"
MiluVariant="ilu"
MinStrictCnvIter="-1"
MinStrictMbIter="-1"
MinTimeStepBasedOnNewtonIterations="0"
MinTimeStepBeforeShuttingProblematicWellsInDays="0.01"
MinTimeStepSize="0"
NetworkMaxOuterIterations="3"
NetworkMaxPressureUpdateInBars="5"
NetworkMaxStrictOuterIterations="10"
NetworkMaxSubIterations="100"
NetworkPressureUpdateDampingFactor="0.1"
NewtonMaxError="1e+100"
NewtonMaxIterations="20"
NewtonMaxRelax="0.5"
NewtonMinIterations="2"
NewtonRelaxationType="dampen"
NewtonTargetIterations="10"
NewtonTolerance="0.01"
NewtonVerbose="1"
NewtonWriteConvergence="0"
NlddLocalLinearSolver="ilu0"
NlddLocalLinearSolverMaxIter="200"
NlddLocalLinearSolverReduction="0.01"
NlddNumInitialNewtonIter="1"
NlddRelativeMobilityChangeTol="0.1"
NonlinearSolver="newton"
NumLocalDomains="0"
NumOverlap="1"
NumPressurePointsEquil="2000"
NumSatfuncConsistencySamplePoints="5"
NupcolGroupRateTolerance="0.001"
OpenclIluParallel="1"
OpenclPlatformId="0"
OutputExtraConvergenceInfo="none"
OutputInterval="1"
OutputMode="all"
OwnerCellsFirst="1"
ParameterFile=""
ParsingStrictness="normal"
PartitionMethod="zoltanwell"
PreSolveNetwork="1"
PredeterminedTimeStepsFile=""
PressureMax="1e+99"
PressureMin="-1e+99"
PressureScale="1"
PriVarOscilationThreshold="1e-05"
PrintParameters="2"
ProjectSaturations="0"
RegularizationFactorWells="100"
RelaxedLinearSolverReduction="0.01"
RelaxedMaxPvFraction="0.03"
RelaxedPressureTolMsw="10000"
RelaxedWellFlowTol="0.001"
RestartTime="-1e+35"
RestartWritingInterval="16777215"
SaveFile=""
SaveStep=""
ScaleLinearSystem="0"
SchedRestart="0"
SerialPartitioning="0"
ShutUnsolvableWells="1"
Slave="0"
SolveWelleqInitially="1"
SolverContinueOnConvergenceFailure="0"
SolverGrowthFactor="2"
SolverMaxGrowth="3"
SolverMaxRestarts="10"
SolverMaxTimeStepInDays="365"
SolverMinTimeStep="1e-12"
SolverRestartFactor="0.33"
SolverVerbosity="1"
StrictInnerIterWells="40"
StrictOuterIterWells="6"
TemperatureMax="1e+09"
TemperatureMin="0"
TimeStepAfterEventInDays="-1"
TimeStepControl="pid+newtoniteration"
TimeStepControlDecayDampingFactor="1"
TimeStepControlDecayRate="0.75"
TimeStepControlFileName="timesteps"
TimeStepControlGrowthDampingFactor="3.2"
TimeStepControlGrowthRate="1.25"
TimeStepControlMaxReductionTimeStep="0.1"
TimeStepControlParameters="0.125;0.25;0.125;0.75;0.25"
TimeStepControlRejectCompletedStep="0"
TimeStepControlSafetyFactor="0.8"
TimeStepControlTargetIterations="30"
TimeStepControlTargetNewtonIterations="8"
TimeStepControlTolerance="0.1"
TimeStepControlToleranceTestVersion="standard"
TimeStepVerbosity="1"
ToleranceCnv="0.01"
ToleranceCnvEnergy="0.4182"
ToleranceCnvEnergyRelaxed="41.82"
ToleranceCnvRelaxed="1"
ToleranceEnergyBalance="4.182e-06"
ToleranceEnergyBalanceRelaxed="4.182e-05"
ToleranceMaxDp="0"
ToleranceMaxDrs="0"
ToleranceMaxDrv="0"
ToleranceMaxDs="0"
ToleranceMb="1e-07"
ToleranceMbRelaxed="1e-06"
TolerancePressureMsWells="1000"
ToleranceWellControl="1e-07"
ToleranceWells="0.0001"
TpsaIluFillinLevel="0"
TpsaIluRelaxation="0.9"
TpsaLinearSolver="ilu0"
TpsaLinearSolverIgnoreConvergenceFailure="0"
TpsaLinearSolverMaxIter="200"
TpsaLinearSolverPrintJsonDefinition="0"
TpsaLinearSolverReduction="0.001"
TpsaLinearSolverRestart="40"
TpsaLinearSolverVerbosity="0"
TpsaNewtonMaxError="1e+100"
TpsaNewtonMaxIterations="20"
TpsaNewtonMinIterations="1"
TpsaNewtonTargetIterations="10"
TpsaNewtonTolerance="0.001"
TpsaNewtonVerbosity="1"
TpsaRelaxedLinearSolverReduction="0.001"
TpsaUseGmres="0"
UpdateEquationsScaling="0"
UseAverageDensityMsWells="0"
UseGmres="0"
UseHybridNewton="0"
UseImplicitIpr="1"
UseMultisegmentWell="1"
UseUpdateStabilization="1"
VerifyGpuAwareMpi="0"
VtkWriteAverageMolarMasses="0"
VtkWriteDensities="1"
VtkWriteDiffusionCoefficients="0"
VtkWriteDofIndex="0"
VtkWriteEffectiveDiffusionCoefficients="0"
VtkWriteExtrusionFactor="0"
VtkWriteFilterVelocities="0"
VtkWriteFugacities="0"
VtkWriteFugacityCoeffs="0"
VtkWriteGasDissolutionFactor="0"
VtkWriteGasFormationVolumeFactor="0"
VtkWriteGasSaturationPressure="0"
VtkWriteIntrinsicPermeabilities="0"
VtkWriteMassFractions="0"
VtkWriteMobilities="0"
VtkWriteMolarities="0"
VtkWriteMoleFractions="1"
VtkWriteOilFormationVolumeFactor="0"
VtkWriteOilSaturationPressure="0"
VtkWriteOilVaporizationFactor="0"
VtkWritePorosity="1"
VtkWritePotentialGradients="0"
VtkWritePressures="1"
VtkWritePrimaryVars="0"
VtkWritePrimaryVarsMeaning="0"
VtkWriteProcessRank="0"
VtkWriteRelativePermeabilities="1"
VtkWriteSaturatedGasOilVaporizationFactor="0"
VtkWriteSaturatedOilGasDissolutionFactor="0"
VtkWriteSaturationRatios="0"
VtkWriteSaturations="1"
VtkWriteTemperature="1"
VtkWriteTortuosities="0"
VtkWriteTotalMassFractions="0"
VtkWriteTotalMoleFractions="0"
VtkWriteTracerConcentration="0"
VtkWriteViscosities="0"
VtkWriteWaterFormationVolumeFactor="0"
WaterOnlyThreshold="1"
WellGroupConstraintsMaxIterations="1"
ZoltanImbalanceTol="1.1"
ZoltanParams="graph"
ZoltanPhgEdgeSizeThreshold="0.35"

Reading deck file '/input/SW.DATA'
    0 Reading RUNSPEC  in /input/SW.DATA line 3
    1 Reading TITLE    in /input/SW.DATA line 4
    2 Reading DIMENS   in /input/SW.DATA line 6
    3 Reading OIL      in /input/SW.DATA line 8
    4 Reading WATER    in /input/SW.DATA line 9
    5 Reading METRIC   in /input/SW.DATA line 10
    6 Reading TABDIMS  in /input/SW.DATA line 11
    7 Reading EQLDIMS  in /input/SW.DATA line 13
    8 Reading START    in /input/SW.DATA line 15
    9 Reading UNIFOUT  in /input/SW.DATA line 17
   10 Reading GRID     in /input/SW.DATA line 19
   11 Reading INIT     in /input/SW.DATA line 20
   12 Reading DX       in /input/SW.DATA line 21
   13 Reading DY       in /input/SW.DATA line 23
   14 Reading DZ       in /input/SW.DATA line 25
   15 Reading TOPS     in /input/SW.DATA line 233
   16 Reading PORO     in /input/SW.DATA line 441
   17 Reading PERMX    in /input/SW.DATA line 649
   18 Reading COPY     in /input/SW.DATA line 857
   19 Reading MULTX    in /input/SW.DATA line 862
   20 Reading PROPS    in /input/SW.DATA line 865
   21 Reading ROCK     in /input/SW.DATA line 866
   22 Reading PVDO     in /input/SW.DATA line 868
   23 Reading PVTW     in /input/SW.DATA line 871
   24 Reading DENSITY  in /input/SW.DATA line 873
   25 Reading SWOF     in /input/SW.DATA line 875
   26 Reading REGIONS  in /input/SW.DATA line 907
   27 Reading SATNUM   in /input/SW.DATA line 908
   28 Reading EQLNUM   in /input/SW.DATA line 992
   29 Reading SOLUTION in /input/SW.DATA line 1077
   30 Reading EQUIL    in /input/SW.DATA line 1078
   31 Reading RPTRST   in /input/SW.DATA line 1080
   32 Reading SUMMARY  in /input/SW.DATA line 1083
   33 Reading FOIP     in /input/SW.DATA line 1084
   34 Reading SCHEDULE in /input/SW.DATA line 1086
   35 Reading TSTEP    in /input/SW.DATA line 1087

Creating grid from keywords DX, DY, DZ and TOPS
2 fluid phases are active

Processing dynamic information from
/input/SW.DATA line 1086
Initializing report step 0/1 at 2008-01-01 0 DAYS line 1086
Complete report step 1 (0.001 DAYS) at 2008-01-01 (0 DAYS)


Processing grid
Total number of active cells: 1656 / total pore volume: 97 RM3

Property tree for linear solvers:
{
    "maxiter": "20",
    "tol": "0.0050000000000000001",
    "verbosity": "0",
    "solver": "bicgstab",
    "preconditioner": {
        "type": "cprw",
        "use_well_weights": "false",
        "add_wells": "true",
        "weight_type": "trueimpes",
        "pre_smooth": "0",
        "post_smooth": "1",
        "finesmoother": {
            "type": "paroverilu0",
            "relaxation": "1"
        },
        "verbosity": "0",
        "coarsesolver": {
            "maxiter": "1",
            "tol": "0.10000000000000001",
            "solver": "loopsolver",
            "verbosity": "0",
            "preconditioner": {
                "type": "amg",
                "alpha": "0.33333333333300003",
                "relaxation": "1",
                "iterations": "1",
                "coarsenTarget": "1200",
                "pre_smooth": "1",
                "post_smooth": "1",
                "beta": "0",
                "smoother": "ilu0",
                "verbosity": "0",
                "maxlevel": "15",
                "skip_isolated": "0",
                "accumulate": "1",
                "prolongationdamping": "1",
                "maxdistance": "2",
                "maxconnectivity": "15",
                "maxaggsize": "6",
                "minaggsize": "4"
            }
        }
    }
}



================ Starting main simulation loop ===============


Report step  0/1 at day 0/0.001, date = 01-Jan-2008
Using Newton nonlinear solver.

Starting time step 0, stepsize 0.001 days, at day 0/0.001, date = 01-Jan-2008
Restart file written for report step 0/1, date = 01-Jan-2008 00:00:00
 Newton its= 2, linearizations= 3 (0.0sec), linear its=  0 (0.0sec)

Restart file written for report step 1/1, date = 01-Jan-2008 00:01:26


================    End of simulation     ===============

Number of MPI processes:         1
Threads per MPI process:         1
Setup time:                      0.04 s
  Deck input:                    0.02 s
Number of timesteps:             1
Simulation time:                 0.00 s
  Assembly time:                 0.00 s (Wasted: 0.0 s; 0.0%)
    Well assembly:               0.00 s (Wasted: 0.0 s; 0.0%)
  Linear solve time:             0.00 s (Wasted: 0.0 s; 0.0%)
    Linear setup:                0.00 s (Wasted: 0.0 s; 0.0%)
  Props/update time:             0.00 s (Wasted: 0.0 s; 0.0%)
  Pre/post step:                 0.00 s (Wasted: 0.0 s; 0.0%)
  Output write time:             0.00 s
Overall Linearizations:          3      (Wasted:     0; 0.0%)
Overall Newton Iterations:       2      (Wasted:     0; 0.0%)
Overall Linear Iterations:       0      (Wasted:     0; 0.0%)



Error summary:
Warnings          0
Info              55
Errors            0
Bugs              0
Debug             0
Problems          0

